// Jest Snapshot v1, https://goo.gl/fbAQLP

exports[`Appointments matches Appointments snapshot 1`] = `null`;
